
  Determining projects to restore...
Z:\jfbosch\Mutation\CognitiveSupport\CognitiveSupport.csproj : warning NU1902: Package 'Microsoft.Rest.ClientRuntime' 2.3.20 has a known moderate severity vulnerability, https://github.com/advisories/GHSA-whph-446h-6m9v [Z:\jfbosch\Mutation\Mutation.Ui\Mutation.Ui.csproj]
Z:\jfbosch\Mutation\Mutation.Ui\Mutation.Ui.csproj : warning NU1902: Package 'Microsoft.Rest.ClientRuntime' 2.3.20 has a known moderate severity vulnerability, https://github.com/advisories/GHSA-whph-446h-6m9v
Z:\jfbosch\Mutation\CognitiveSupport\CognitiveSupport.csproj : warning NU1903: Package 'Newtonsoft.Json' 10.0.3 has a known high severity vulnerability, https://github.com/advisories/GHSA-5crp-9r3c-p9vr [Z:\jfbosch\Mutation\Mutation.Ui\Mutation.Ui.csproj]
  All projects are up-to-date for restore.
Z:\jfbosch\Mutation\Mutation.Ui\Mutation.Ui.csproj : warning NU1902: Package 'Microsoft.Rest.ClientRuntime' 2.3.20 has a known moderate severity vulnerability, https://github.com/advisories/GHSA-whph-446h-6m9v
Z:\jfbosch\Mutation\CognitiveSupport\CognitiveSupport.csproj : warning NU1902: Package 'Microsoft.Rest.ClientRuntime' 2.3.20 has a known moderate severity vulnerability, https://github.com/advisories/GHSA-whph-446h-6m9v
Z:\jfbosch\Mutation\CognitiveSupport\CognitiveSupport.csproj : warning NU1903: Package 'Newtonsoft.Json' 10.0.3 has a known high severity vulnerability, https://github.com/advisories/GHSA-5crp-9r3c-p9vr
  CognitiveSupport -> Z:\jfbosch\Mutation\CognitiveSupport\bin\Release\net10.0-windows10.0.19041.0\CognitiveSupport.dll
Z:\jfbosch\Mutation\Mutation.Ui\Core\SpeechToTextServiceComboItem.cs(7,44): warning CS8618: Non-nullable property 'SpeechToTextServiceSettings' must contain a non-null value when exiting constructor. Consider adding the 'required' modifier or declaring the property as nullable. [Z:\jfbosch\Mutation\Mutation.Ui\Mutation.Ui.csproj]
Z:\jfbosch\Mutation\Mutation.Ui\Core\SpeechToTextServiceComboItem.cs(8,37): warning CS8618: Non-nullable property 'SpeechToTextService' must contain a non-null value when exiting constructor. Consider adding the 'required' modifier or declaring the property as nullable. [Z:\jfbosch\Mutation\Mutation.Ui\Mutation.Ui.csproj]
Z:\jfbosch\Mutation\Mutation.Ui\Core\AudioDeviceManager.cs(31,55): warning CS8602: Dereference of a possibly null reference. [Z:\jfbosch\Mutation\Mutation.Ui\Mutation.Ui.csproj]
Z:\jfbosch\Mutation\Mutation.Ui\Core\SpeechToTextManager.cs(32,40): warning CS8603: Possible null reference return. [Z:\jfbosch\Mutation\Mutation.Ui\Mutation.Ui.csproj]
Z:\jfbosch\Mutation\Mutation.Ui\Core\TranscriptFormatter.cs(24,11): warning CS8603: Possible null reference return. [Z:\jfbosch\Mutation\Mutation.Ui\Mutation.Ui.csproj]
Z:\jfbosch\Mutation\Mutation.Ui\Core\AudioDeviceManager.cs(75,35): warning CS0618: 'MMDevice.FriendlyName' is obsolete: 'FriendlyName is deprecated, please use DeviceFriendlyName instead.' [Z:\jfbosch\Mutation\Mutation.Ui\Mutation.Ui.csproj]
Z:\jfbosch\Mutation\Mutation.Ui\Core\AudioSessionManager.cs(306,36): warning CS8602: Dereference of a possibly null reference. [Z:\jfbosch\Mutation\Mutation.Ui\Mutation.Ui.csproj]
Z:\jfbosch\Mutation\Mutation.Ui\Services\SettingsManager.cs(175,33): warning CS8602: Dereference of a possibly null reference. [Z:\jfbosch\Mutation\Mutation.Ui\Mutation.Ui.csproj]
Z:\jfbosch\Mutation\Mutation.Ui\Services\SettingsManager.cs(189,33): warning CS8602: Dereference of a possibly null reference. [Z:\jfbosch\Mutation\Mutation.Ui\Mutation.Ui.csproj]
Z:\jfbosch\Mutation\Mutation.Ui\Services\SettingsManager.cs(203,31): warning CS8602: Dereference of a possibly null reference. [Z:\jfbosch\Mutation\Mutation.Ui\Mutation.Ui.csproj]
Z:\jfbosch\Mutation\Mutation.Ui\Services\SettingsManager.cs(217,29): warning CS8602: Dereference of a possibly null reference. [Z:\jfbosch\Mutation\Mutation.Ui\Mutation.Ui.csproj]
Z:\jfbosch\Mutation\Mutation.Ui\Services\SettingsManager.cs(231,30): warning CS8602: Dereference of a possibly null reference. [Z:\jfbosch\Mutation\Mutation.Ui\Mutation.Ui.csproj]
Z:\jfbosch\Mutation\Mutation.Ui\Services\SettingsManager.cs(245,32): warning CS8602: Dereference of a possibly null reference. [Z:\jfbosch\Mutation\Mutation.Ui\Mutation.Ui.csproj]
Z:\jfbosch\Mutation\Mutation.Ui\Services\SettingsManager.cs(587,46): warning CS8602: Dereference of a possibly null reference. [Z:\jfbosch\Mutation\Mutation.Ui\Mutation.Ui.csproj]
Z:\jfbosch\Mutation\Mutation.Ui\App.xaml.cs(168,98): warning CS8604: Possible null reference argument for parameter 'hotkey' in 'void HotkeyManager.SendHotkeyAfterDelay(string hotkey, int delayMs)'. [Z:\jfbosch\Mutation\Mutation.Ui\Mutation.Ui.csproj]
Z:\jfbosch\Mutation\Mutation.Ui\App.xaml.cs(185,98): warning CS8604: Possible null reference argument for parameter 'hotkey' in 'void HotkeyManager.SendHotkeyAfterDelay(string hotkey, int delayMs)'. [Z:\jfbosch\Mutation\Mutation.Ui\Mutation.Ui.csproj]
Z:\jfbosch\Mutation\Mutation.Ui\App.xaml.cs(202,98): warning CS8604: Possible null reference argument for parameter 'hotkey' in 'void HotkeyManager.SendHotkeyAfterDelay(string hotkey, int delayMs)'. [Z:\jfbosch\Mutation\Mutation.Ui\Mutation.Ui.csproj]
Z:\jfbosch\Mutation\Mutation.Ui\App.xaml.cs(219,98): warning CS8604: Possible null reference argument for parameter 'hotkey' in 'void HotkeyManager.SendHotkeyAfterDelay(string hotkey, int delayMs)'. [Z:\jfbosch\Mutation\Mutation.Ui\Mutation.Ui.csproj]
Z:\jfbosch\Mutation\Mutation.Ui\Services\OcrManager.cs(520,26): warning CS0219: The variable 'prevState' is assigned but its value is never used [Z:\jfbosch\Mutation\Mutation.Ui\Mutation.Ui.csproj]
Z:\jfbosch\Mutation\Mutation.Ui\MainWindow.xaml.cs(929,39): warning CS8604: Possible null reference argument for parameter 'hotkey' in 'void HotkeyManager.SendHotkeyAfterDelay(string hotkey, int delayMs)'. [Z:\jfbosch\Mutation\Mutation.Ui\Mutation.Ui.csproj]
Z:\jfbosch\Mutation\Mutation.Ui\MainWindow.xaml.cs(948,39): warning CS8604: Possible null reference argument for parameter 'hotkey' in 'void HotkeyManager.SendHotkeyAfterDelay(string hotkey, int delayMs)'. [Z:\jfbosch\Mutation\Mutation.Ui\Mutation.Ui.csproj]
Z:\jfbosch\Mutation\Mutation.Ui\MainWindow.xaml.cs(1265,39): warning CS8604: Possible null reference argument for parameter 'hotkey' in 'void HotkeyManager.SendHotkeyAfterDelay(string hotkey, int delayMs)'. [Z:\jfbosch\Mutation\Mutation.Ui\Mutation.Ui.csproj]
Z:\jfbosch\Mutation\Mutation.Ui\MainWindow.xaml.cs(1412,52): warning CS8604: Possible null reference argument for parameter 'hotkey' in 'void HotkeyManager.SendHotkeyAfterDelay(string hotkey, int delayMs)'. [Z:\jfbosch\Mutation\Mutation.Ui\Mutation.Ui.csproj]
Z:\jfbosch\Mutation\Mutation.Ui\Core\SpeechToTextServiceComboItem.cs(7,44): warning CS8618: Non-nullable property 'SpeechToTextServiceSettings' must contain a non-null value when exiting constructor. Consider adding the 'required' modifier or declaring the property as nullable. [Z:\jfbosch\Mutation\Mutation.Ui\Mutation.Ui.csproj]
Z:\jfbosch\Mutation\Mutation.Ui\Core\SpeechToTextServiceComboItem.cs(8,37): warning CS8618: Non-nullable property 'SpeechToTextService' must contain a non-null value when exiting constructor. Consider adding the 'required' modifier or declaring the property as nullable. [Z:\jfbosch\Mutation\Mutation.Ui\Mutation.Ui.csproj]
Z:\jfbosch\Mutation\Mutation.Ui\Core\SpeechToTextManager.cs(32,40): warning CS8603: Possible null reference return. [Z:\jfbosch\Mutation\Mutation.Ui\Mutation.Ui.csproj]
Z:\jfbosch\Mutation\Mutation.Ui\Core\AudioDeviceManager.cs(31,55): warning CS8602: Dereference of a possibly null reference. [Z:\jfbosch\Mutation\Mutation.Ui\Mutation.Ui.csproj]
Z:\jfbosch\Mutation\Mutation.Ui\Core\TranscriptFormatter.cs(24,11): warning CS8603: Possible null reference return. [Z:\jfbosch\Mutation\Mutation.Ui\Mutation.Ui.csproj]
Z:\jfbosch\Mutation\Mutation.Ui\Core\AudioDeviceManager.cs(75,35): warning CS0618: 'MMDevice.FriendlyName' is obsolete: 'FriendlyName is deprecated, please use DeviceFriendlyName instead.' [Z:\jfbosch\Mutation\Mutation.Ui\Mutation.Ui.csproj]
Z:\jfbosch\Mutation\Mutation.Ui\Core\AudioSessionManager.cs(306,36): warning CS8602: Dereference of a possibly null reference. [Z:\jfbosch\Mutation\Mutation.Ui\Mutation.Ui.csproj]
Z:\jfbosch\Mutation\Mutation.Ui\App.xaml.cs(168,98): warning CS8604: Possible null reference argument for parameter 'hotkey' in 'void HotkeyManager.SendHotkeyAfterDelay(string hotkey, int delayMs)'. [Z:\jfbosch\Mutation\Mutation.Ui\Mutation.Ui.csproj]
Z:\jfbosch\Mutation\Mutation.Ui\App.xaml.cs(185,98): warning CS8604: Possible null reference argument for parameter 'hotkey' in 'void HotkeyManager.SendHotkeyAfterDelay(string hotkey, int delayMs)'. [Z:\jfbosch\Mutation\Mutation.Ui\Mutation.Ui.csproj]
Z:\jfbosch\Mutation\Mutation.Ui\App.xaml.cs(202,98): warning CS8604: Possible null reference argument for parameter 'hotkey' in 'void HotkeyManager.SendHotkeyAfterDelay(string hotkey, int delayMs)'. [Z:\jfbosch\Mutation\Mutation.Ui\Mutation.Ui.csproj]
Z:\jfbosch\Mutation\Mutation.Ui\App.xaml.cs(219,98): warning CS8604: Possible null reference argument for parameter 'hotkey' in 'void HotkeyManager.SendHotkeyAfterDelay(string hotkey, int delayMs)'. [Z:\jfbosch\Mutation\Mutation.Ui\Mutation.Ui.csproj]
Z:\jfbosch\Mutation\Mutation.Ui\Services\SettingsManager.cs(175,33): warning CS8602: Dereference of a possibly null reference. [Z:\jfbosch\Mutation\Mutation.Ui\Mutation.Ui.csproj]
Z:\jfbosch\Mutation\Mutation.Ui\Services\SettingsManager.cs(189,33): warning CS8602: Dereference of a possibly null reference. [Z:\jfbosch\Mutation\Mutation.Ui\Mutation.Ui.csproj]
Z:\jfbosch\Mutation\Mutation.Ui\Services\SettingsManager.cs(203,31): warning CS8602: Dereference of a possibly null reference. [Z:\jfbosch\Mutation\Mutation.Ui\Mutation.Ui.csproj]
Z:\jfbosch\Mutation\Mutation.Ui\Services\SettingsManager.cs(217,29): warning CS8602: Dereference of a possibly null reference. [Z:\jfbosch\Mutation\Mutation.Ui\Mutation.Ui.csproj]
Z:\jfbosch\Mutation\Mutation.Ui\Services\SettingsManager.cs(231,30): warning CS8602: Dereference of a possibly null reference. [Z:\jfbosch\Mutation\Mutation.Ui\Mutation.Ui.csproj]
Z:\jfbosch\Mutation\Mutation.Ui\Services\SettingsManager.cs(245,32): warning CS8602: Dereference of a possibly null reference. [Z:\jfbosch\Mutation\Mutation.Ui\Mutation.Ui.csproj]
Z:\jfbosch\Mutation\Mutation.Ui\Services\SettingsManager.cs(587,46): warning CS8602: Dereference of a possibly null reference. [Z:\jfbosch\Mutation\Mutation.Ui\Mutation.Ui.csproj]
Z:\jfbosch\Mutation\Mutation.Ui\MainWindow.xaml.cs(929,39): warning CS8604: Possible null reference argument for parameter 'hotkey' in 'void HotkeyManager.SendHotkeyAfterDelay(string hotkey, int delayMs)'. [Z:\jfbosch\Mutation\Mutation.Ui\Mutation.Ui.csproj]
Z:\jfbosch\Mutation\Mutation.Ui\MainWindow.xaml.cs(948,39): warning CS8604: Possible null reference argument for parameter 'hotkey' in 'void HotkeyManager.SendHotkeyAfterDelay(string hotkey, int delayMs)'. [Z:\jfbosch\Mutation\Mutation.Ui\Mutation.Ui.csproj]
Z:\jfbosch\Mutation\Mutation.Ui\Services\OcrManager.cs(520,26): warning CS0219: The variable 'prevState' is assigned but its value is never used [Z:\jfbosch\Mutation\Mutation.Ui\Mutation.Ui.csproj]
Z:\jfbosch\Mutation\Mutation.Ui\MainWindow.xaml.cs(1265,39): warning CS8604: Possible null reference argument for parameter 'hotkey' in 'void HotkeyManager.SendHotkeyAfterDelay(string hotkey, int delayMs)'. [Z:\jfbosch\Mutation\Mutation.Ui\Mutation.Ui.csproj]
Z:\jfbosch\Mutation\Mutation.Ui\MainWindow.xaml.cs(1412,52): warning CS8604: Possible null reference argument for parameter 'hotkey' in 'void HotkeyManager.SendHotkeyAfterDelay(string hotkey, int delayMs)'. [Z:\jfbosch\Mutation\Mutation.Ui\Mutation.Ui.csproj]
  Mutation.Ui -> Z:\jfbosch\Mutation\Mutation.Ui\bin\Release\net10.0-windows10.0.19041.0\win-x64\Mutation.Ui.dll

Build succeeded.

Z:\jfbosch\Mutation\CognitiveSupport\CognitiveSupport.csproj : warning NU1902: Package 'Microsoft.Rest.ClientRuntime' 2.3.20 has a known moderate severity vulnerability, https://github.com/advisories/GHSA-whph-446h-6m9v [Z:\jfbosch\Mutation\Mutation.Ui\Mutation.Ui.csproj]
Z:\jfbosch\Mutation\Mutation.Ui\Mutation.Ui.csproj : warning NU1902: Package 'Microsoft.Rest.ClientRuntime' 2.3.20 has a known moderate severity vulnerability, https://github.com/advisories/GHSA-whph-446h-6m9v
Z:\jfbosch\Mutation\CognitiveSupport\CognitiveSupport.csproj : warning NU1903: Package 'Newtonsoft.Json' 10.0.3 has a known high severity vulnerability, https://github.com/advisories/GHSA-5crp-9r3c-p9vr [Z:\jfbosch\Mutation\Mutation.Ui\Mutation.Ui.csproj]
Z:\jfbosch\Mutation\Mutation.Ui\Mutation.Ui.csproj : warning NU1902: Package 'Microsoft.Rest.ClientRuntime' 2.3.20 has a known moderate severity vulnerability, https://github.com/advisories/GHSA-whph-446h-6m9v
Z:\jfbosch\Mutation\CognitiveSupport\CognitiveSupport.csproj : warning NU1902: Package 'Microsoft.Rest.ClientRuntime' 2.3.20 has a known moderate severity vulnerability, https://github.com/advisories/GHSA-whph-446h-6m9v
Z:\jfbosch\Mutation\CognitiveSupport\CognitiveSupport.csproj : warning NU1903: Package 'Newtonsoft.Json' 10.0.3 has a known high severity vulnerability, https://github.com/advisories/GHSA-5crp-9r3c-p9vr
Z:\jfbosch\Mutation\Mutation.Ui\Core\SpeechToTextServiceComboItem.cs(7,44): warning CS8618: Non-nullable property 'SpeechToTextServiceSettings' must contain a non-null value when exiting constructor. Consider adding the 'required' modifier or declaring the property as nullable. [Z:\jfbosch\Mutation\Mutation.Ui\Mutation.Ui.csproj]
Z:\jfbosch\Mutation\Mutation.Ui\Core\SpeechToTextServiceComboItem.cs(8,37): warning CS8618: Non-nullable property 'SpeechToTextService' must contain a non-null value when exiting constructor. Consider adding the 'required' modifier or declaring the property as nullable. [Z:\jfbosch\Mutation\Mutation.Ui\Mutation.Ui.csproj]
Z:\jfbosch\Mutation\Mutation.Ui\Core\AudioDeviceManager.cs(31,55): warning CS8602: Dereference of a possibly null reference. [Z:\jfbosch\Mutation\Mutation.Ui\Mutation.Ui.csproj]
Z:\jfbosch\Mutation\Mutation.Ui\Core\SpeechToTextManager.cs(32,40): warning CS8603: Possible null reference return. [Z:\jfbosch\Mutation\Mutation.Ui\Mutation.Ui.csproj]
Z:\jfbosch\Mutation\Mutation.Ui\Core\TranscriptFormatter.cs(24,11): warning CS8603: Possible null reference return. [Z:\jfbosch\Mutation\Mutation.Ui\Mutation.Ui.csproj]
Z:\jfbosch\Mutation\Mutation.Ui\Core\AudioDeviceManager.cs(75,35): warning CS0618: 'MMDevice.FriendlyName' is obsolete: 'FriendlyName is deprecated, please use DeviceFriendlyName instead.' [Z:\jfbosch\Mutation\Mutation.Ui\Mutation.Ui.csproj]
Z:\jfbosch\Mutation\Mutation.Ui\Core\AudioSessionManager.cs(306,36): warning CS8602: Dereference of a possibly null reference. [Z:\jfbosch\Mutation\Mutation.Ui\Mutation.Ui.csproj]
Z:\jfbosch\Mutation\Mutation.Ui\Services\SettingsManager.cs(175,33): warning CS8602: Dereference of a possibly null reference. [Z:\jfbosch\Mutation\Mutation.Ui\Mutation.Ui.csproj]
Z:\jfbosch\Mutation\Mutation.Ui\Services\SettingsManager.cs(189,33): warning CS8602: Dereference of a possibly null reference. [Z:\jfbosch\Mutation\Mutation.Ui\Mutation.Ui.csproj]
Z:\jfbosch\Mutation\Mutation.Ui\Services\SettingsManager.cs(203,31): warning CS8602: Dereference of a possibly null reference. [Z:\jfbosch\Mutation\Mutation.Ui\Mutation.Ui.csproj]
Z:\jfbosch\Mutation\Mutation.Ui\Services\SettingsManager.cs(217,29): warning CS8602: Dereference of a possibly null reference. [Z:\jfbosch\Mutation\Mutation.Ui\Mutation.Ui.csproj]
Z:\jfbosch\Mutation\Mutation.Ui\Services\SettingsManager.cs(231,30): warning CS8602: Dereference of a possibly null reference. [Z:\jfbosch\Mutation\Mutation.Ui\Mutation.Ui.csproj]
Z:\jfbosch\Mutation\Mutation.Ui\Services\SettingsManager.cs(245,32): warning CS8602: Dereference of a possibly null reference. [Z:\jfbosch\Mutation\Mutation.Ui\Mutation.Ui.csproj]
Z:\jfbosch\Mutation\Mutation.Ui\Services\SettingsManager.cs(587,46): warning CS8602: Dereference of a possibly null reference. [Z:\jfbosch\Mutation\Mutation.Ui\Mutation.Ui.csproj]
Z:\jfbosch\Mutation\Mutation.Ui\App.xaml.cs(168,98): warning CS8604: Possible null reference argument for parameter 'hotkey' in 'void HotkeyManager.SendHotkeyAfterDelay(string hotkey, int delayMs)'. [Z:\jfbosch\Mutation\Mutation.Ui\Mutation.Ui.csproj]
Z:\jfbosch\Mutation\Mutation.Ui\App.xaml.cs(185,98): warning CS8604: Possible null reference argument for parameter 'hotkey' in 'void HotkeyManager.SendHotkeyAfterDelay(string hotkey, int delayMs)'. [Z:\jfbosch\Mutation\Mutation.Ui\Mutation.Ui.csproj]
Z:\jfbosch\Mutation\Mutation.Ui\App.xaml.cs(202,98): warning CS8604: Possible null reference argument for parameter 'hotkey' in 'void HotkeyManager.SendHotkeyAfterDelay(string hotkey, int delayMs)'. [Z:\jfbosch\Mutation\Mutation.Ui\Mutation.Ui.csproj]
Z:\jfbosch\Mutation\Mutation.Ui\App.xaml.cs(219,98): warning CS8604: Possible null reference argument for parameter 'hotkey' in 'void HotkeyManager.SendHotkeyAfterDelay(string hotkey, int delayMs)'. [Z:\jfbosch\Mutation\Mutation.Ui\Mutation.Ui.csproj]
Z:\jfbosch\Mutation\Mutation.Ui\Services\OcrManager.cs(520,26): warning CS0219: The variable 'prevState' is assigned but its value is never used [Z:\jfbosch\Mutation\Mutation.Ui\Mutation.Ui.csproj]
Z:\jfbosch\Mutation\Mutation.Ui\MainWindow.xaml.cs(929,39): warning CS8604: Possible null reference argument for parameter 'hotkey' in 'void HotkeyManager.SendHotkeyAfterDelay(string hotkey, int delayMs)'. [Z:\jfbosch\Mutation\Mutation.Ui\Mutation.Ui.csproj]
Z:\jfbosch\Mutation\Mutation.Ui\MainWindow.xaml.cs(948,39): warning CS8604: Possible null reference argument for parameter 'hotkey' in 'void HotkeyManager.SendHotkeyAfterDelay(string hotkey, int delayMs)'. [Z:\jfbosch\Mutation\Mutation.Ui\Mutation.Ui.csproj]
Z:\jfbosch\Mutation\Mutation.Ui\MainWindow.xaml.cs(1265,39): warning CS8604: Possible null reference argument for parameter 'hotkey' in 'void HotkeyManager.SendHotkeyAfterDelay(string hotkey, int delayMs)'. [Z:\jfbosch\Mutation\Mutation.Ui\Mutation.Ui.csproj]
Z:\jfbosch\Mutation\Mutation.Ui\MainWindow.xaml.cs(1412,52): warning CS8604: Possible null reference argument for parameter 'hotkey' in 'void HotkeyManager.SendHotkeyAfterDelay(string hotkey, int delayMs)'. [Z:\jfbosch\Mutation\Mutation.Ui\Mutation.Ui.csproj]
Z:\jfbosch\Mutation\Mutation.Ui\Core\SpeechToTextServiceComboItem.cs(7,44): warning CS8618: Non-nullable property 'SpeechToTextServiceSettings' must contain a non-null value when exiting constructor. Consider adding the 'required' modifier or declaring the property as nullable. [Z:\jfbosch\Mutation\Mutation.Ui\Mutation.Ui.csproj]
Z:\jfbosch\Mutation\Mutation.Ui\Core\SpeechToTextServiceComboItem.cs(8,37): warning CS8618: Non-nullable property 'SpeechToTextService' must contain a non-null value when exiting constructor. Consider adding the 'required' modifier or declaring the property as nullable. [Z:\jfbosch\Mutation\Mutation.Ui\Mutation.Ui.csproj]
Z:\jfbosch\Mutation\Mutation.Ui\Core\SpeechToTextManager.cs(32,40): warning CS8603: Possible null reference return. [Z:\jfbosch\Mutation\Mutation.Ui\Mutation.Ui.csproj]
Z:\jfbosch\Mutation\Mutation.Ui\Core\AudioDeviceManager.cs(31,55): warning CS8602: Dereference of a possibly null reference. [Z:\jfbosch\Mutation\Mutation.Ui\Mutation.Ui.csproj]
Z:\jfbosch\Mutation\Mutation.Ui\Core\TranscriptFormatter.cs(24,11): warning CS8603: Possible null reference return. [Z:\jfbosch\Mutation\Mutation.Ui\Mutation.Ui.csproj]
Z:\jfbosch\Mutation\Mutation.Ui\Core\AudioDeviceManager.cs(75,35): warning CS0618: 'MMDevice.FriendlyName' is obsolete: 'FriendlyName is deprecated, please use DeviceFriendlyName instead.' [Z:\jfbosch\Mutation\Mutation.Ui\Mutation.Ui.csproj]
Z:\jfbosch\Mutation\Mutation.Ui\Core\AudioSessionManager.cs(306,36): warning CS8602: Dereference of a possibly null reference. [Z:\jfbosch\Mutation\Mutation.Ui\Mutation.Ui.csproj]
Z:\jfbosch\Mutation\Mutation.Ui\App.xaml.cs(168,98): warning CS8604: Possible null reference argument for parameter 'hotkey' in 'void HotkeyManager.SendHotkeyAfterDelay(string hotkey, int delayMs)'. [Z:\jfbosch\Mutation\Mutation.Ui\Mutation.Ui.csproj]
Z:\jfbosch\Mutation\Mutation.Ui\App.xaml.cs(185,98): warning CS8604: Possible null reference argument for parameter 'hotkey' in 'void HotkeyManager.SendHotkeyAfterDelay(string hotkey, int delayMs)'. [Z:\jfbosch\Mutation\Mutation.Ui\Mutation.Ui.csproj]
Z:\jfbosch\Mutation\Mutation.Ui\App.xaml.cs(202,98): warning CS8604: Possible null reference argument for parameter 'hotkey' in 'void HotkeyManager.SendHotkeyAfterDelay(string hotkey, int delayMs)'. [Z:\jfbosch\Mutation\Mutation.Ui\Mutation.Ui.csproj]
Z:\jfbosch\Mutation\Mutation.Ui\App.xaml.cs(219,98): warning CS8604: Possible null reference argument for parameter 'hotkey' in 'void HotkeyManager.SendHotkeyAfterDelay(string hotkey, int delayMs)'. [Z:\jfbosch\Mutation\Mutation.Ui\Mutation.Ui.csproj]
Z:\jfbosch\Mutation\Mutation.Ui\Services\SettingsManager.cs(175,33): warning CS8602: Dereference of a possibly null reference. [Z:\jfbosch\Mutation\Mutation.Ui\Mutation.Ui.csproj]
Z:\jfbosch\Mutation\Mutation.Ui\Services\SettingsManager.cs(189,33): warning CS8602: Dereference of a possibly null reference. [Z:\jfbosch\Mutation\Mutation.Ui\Mutation.Ui.csproj]
Z:\jfbosch\Mutation\Mutation.Ui\Services\SettingsManager.cs(203,31): warning CS8602: Dereference of a possibly null reference. [Z:\jfbosch\Mutation\Mutation.Ui\Mutation.Ui.csproj]
Z:\jfbosch\Mutation\Mutation.Ui\Services\SettingsManager.cs(217,29): warning CS8602: Dereference of a possibly null reference. [Z:\jfbosch\Mutation\Mutation.Ui\Mutation.Ui.csproj]
Z:\jfbosch\Mutation\Mutation.Ui\Services\SettingsManager.cs(231,30): warning CS8602: Dereference of a possibly null reference. [Z:\jfbosch\Mutation\Mutation.Ui\Mutation.Ui.csproj]
Z:\jfbosch\Mutation\Mutation.Ui\Services\SettingsManager.cs(245,32): warning CS8602: Dereference of a possibly null reference. [Z:\jfbosch\Mutation\Mutation.Ui\Mutation.Ui.csproj]
Z:\jfbosch\Mutation\Mutation.Ui\Services\SettingsManager.cs(587,46): warning CS8602: Dereference of a possibly null reference. [Z:\jfbosch\Mutation\Mutation.Ui\Mutation.Ui.csproj]
Z:\jfbosch\Mutation\Mutation.Ui\MainWindow.xaml.cs(929,39): warning CS8604: Possible null reference argument for parameter 'hotkey' in 'void HotkeyManager.SendHotkeyAfterDelay(string hotkey, int delayMs)'. [Z:\jfbosch\Mutation\Mutation.Ui\Mutation.Ui.csproj]
Z:\jfbosch\Mutation\Mutation.Ui\MainWindow.xaml.cs(948,39): warning CS8604: Possible null reference argument for parameter 'hotkey' in 'void HotkeyManager.SendHotkeyAfterDelay(string hotkey, int delayMs)'. [Z:\jfbosch\Mutation\Mutation.Ui\Mutation.Ui.csproj]
Z:\jfbosch\Mutation\Mutation.Ui\Services\OcrManager.cs(520,26): warning CS0219: The variable 'prevState' is assigned but its value is never used [Z:\jfbosch\Mutation\Mutation.Ui\Mutation.Ui.csproj]
Z:\jfbosch\Mutation\Mutation.Ui\MainWindow.xaml.cs(1265,39): warning CS8604: Possible null reference argument for parameter 'hotkey' in 'void HotkeyManager.SendHotkeyAfterDelay(string hotkey, int delayMs)'. [Z:\jfbosch\Mutation\Mutation.Ui\Mutation.Ui.csproj]
Z:\jfbosch\Mutation\Mutation.Ui\MainWindow.xaml.cs(1412,52): warning CS8604: Possible null reference argument for parameter 'hotkey' in 'void HotkeyManager.SendHotkeyAfterDelay(string hotkey, int delayMs)'. [Z:\jfbosch\Mutation\Mutation.Ui\Mutation.Ui.csproj]
    52 Warning(s)
    0 Error(s)

Time Elapsed 00:00:10.70
