
  Determining projects to restore...
  Restored z:\jfbosch\Mutation\Mutation.Tests\Mutation.Tests.csproj (in 652 ms).
  Restored z:\jfbosch\Mutation\Mutation.Ui\Mutation.Ui.csproj (in 724 ms).
  1 of 3 projects are up-to-date for restore.
z:\jfbosch\Mutation\CognitiveSupport\Extensions\StringExtensions.cs(8,28): warning CS8603: Possible null reference return. [z:\jfbosch\Mutation\CognitiveSupport\CognitiveSupport.csproj]
z:\jfbosch\Mutation\CognitiveSupport\AudioRecorder.cs(44,15): warning CS8625: Cannot convert null literal to non-nullable reference type. [z:\jfbosch\Mutation\CognitiveSupport\CognitiveSupport.csproj]
z:\jfbosch\Mutation\CognitiveSupport\AudioRecorder.cs(46,12): warning CS8625: Cannot convert null literal to non-nullable reference type. [z:\jfbosch\Mutation\CognitiveSupport\CognitiveSupport.csproj]
z:\jfbosch\Mutation\CognitiveSupport\AudioRecorder.cs(8,22): warning CS8618: Non-nullable field 'waveIn' must contain a non-null value when exiting constructor. Consider adding the 'required' modifier or declaring the field as nullable. [z:\jfbosch\Mutation\CognitiveSupport\CognitiveSupport.csproj]
z:\jfbosch\Mutation\CognitiveSupport\AudioRecorder.cs(9,28): warning CS8618: Non-nullable field 'mp3Writer' must contain a non-null value when exiting constructor. Consider adding the 'required' modifier or declaring the field as nullable. [z:\jfbosch\Mutation\CognitiveSupport\CognitiveSupport.csproj]
z:\jfbosch\Mutation\CognitiveSupport\TextFormatter.cs(14,29): warning CS8603: Possible null reference return. [z:\jfbosch\Mutation\CognitiveSupport\CognitiveSupport.csproj]
z:\jfbosch\Mutation\CognitiveSupport\BeepPlayer.cs(42,59): warning CS8604: Possible null reference argument for parameter 'path' in 'string CustomBeepSettingsData.ResolveAudioFilePath(string path)'. [z:\jfbosch\Mutation\CognitiveSupport\CognitiveSupport.csproj]
z:\jfbosch\Mutation\CognitiveSupport\BeepPlayer.cs(43,61): warning CS8604: Possible null reference argument for parameter 'path' in 'string CustomBeepSettingsData.ResolveAudioFilePath(string path)'. [z:\jfbosch\Mutation\CognitiveSupport\CognitiveSupport.csproj]
z:\jfbosch\Mutation\CognitiveSupport\BeepPlayer.cs(44,61): warning CS8604: Possible null reference argument for parameter 'path' in 'string CustomBeepSettingsData.ResolveAudioFilePath(string path)'. [z:\jfbosch\Mutation\CognitiveSupport\CognitiveSupport.csproj]
z:\jfbosch\Mutation\CognitiveSupport\BeepPlayer.cs(45,57): warning CS8604: Possible null reference argument for parameter 'path' in 'string CustomBeepSettingsData.ResolveAudioFilePath(string path)'. [z:\jfbosch\Mutation\CognitiveSupport\CognitiveSupport.csproj]
z:\jfbosch\Mutation\CognitiveSupport\BeepPlayer.cs(46,58): warning CS8604: Possible null reference argument for parameter 'path' in 'string CustomBeepSettingsData.ResolveAudioFilePath(string path)'. [z:\jfbosch\Mutation\CognitiveSupport\CognitiveSupport.csproj]
z:\jfbosch\Mutation\CognitiveSupport\BeepPlayer.cs(47,60): warning CS8604: Possible null reference argument for parameter 'path' in 'string CustomBeepSettingsData.ResolveAudioFilePath(string path)'. [z:\jfbosch\Mutation\CognitiveSupport\CognitiveSupport.csproj]
z:\jfbosch\Mutation\CognitiveSupport\TextFormatter.cs(32,29): warning CS8603: Possible null reference return. [z:\jfbosch\Mutation\CognitiveSupport\CognitiveSupport.csproj]
z:\jfbosch\Mutation\CognitiveSupport\TextFormatter.cs(82,12): warning CS8603: Possible null reference return. [z:\jfbosch\Mutation\CognitiveSupport\CognitiveSupport.csproj]
z:\jfbosch\Mutation\CognitiveSupport\DeepgramSpeechToTextService.cs(73,10): warning CS8602: Dereference of a possibly null reference. [z:\jfbosch\Mutation\CognitiveSupport\CognitiveSupport.csproj]
z:\jfbosch\Mutation\CognitiveSupport\DeepgramSpeechToTextService.cs(73,68): warning CS8602: Dereference of a possibly null reference. [z:\jfbosch\Mutation\CognitiveSupport\CognitiveSupport.csproj]
z:\jfbosch\Mutation\CognitiveSupport\TextFormatter.cs(102,29): warning CS8603: Possible null reference return. [z:\jfbosch\Mutation\CognitiveSupport\CognitiveSupport.csproj]
z:\jfbosch\Mutation\CognitiveSupport\TextFormatter.cs(116,26): warning CS8604: Possible null reference argument for parameter 'oldValue' in 'string string.Replace(string oldValue, string? newValue, StringComparison comparisonType)'. [z:\jfbosch\Mutation\CognitiveSupport\CognitiveSupport.csproj]
z:\jfbosch\Mutation\CognitiveSupport\TextFormatter.cs(119,33): warning CS8604: Possible null reference argument for parameter 'pattern' in 'string Regex.Replace(string input, string pattern, string replacement, RegexOptions options)'. [z:\jfbosch\Mutation\CognitiveSupport\CognitiveSupport.csproj]
z:\jfbosch\Mutation\CognitiveSupport\TextFormatter.cs(119,44): warning CS8604: Possible null reference argument for parameter 'replacement' in 'string Regex.Replace(string input, string pattern, string replacement, RegexOptions options)'. [z:\jfbosch\Mutation\CognitiveSupport\CognitiveSupport.csproj]
z:\jfbosch\Mutation\CognitiveSupport\TextFormatter.cs(138,29): warning CS8603: Possible null reference return. [z:\jfbosch\Mutation\CognitiveSupport\CognitiveSupport.csproj]
z:\jfbosch\Mutation\CognitiveSupport\DeepgramSpeechToTextService.cs(93,8): warning CS1717: Assignment made to same variable; did you mean to assign something else? [z:\jfbosch\Mutation\CognitiveSupport\CognitiveSupport.csproj]
z:\jfbosch\Mutation\CognitiveSupport\DeepgramSpeechToTextService.cs(112,11): warning CS8603: Possible null reference return. [z:\jfbosch\Mutation\CognitiveSupport\CognitiveSupport.csproj]
  CognitiveSupport -> z:\jfbosch\Mutation\CognitiveSupport\bin\Debug\net10.0-windows10.0.19041.0\CognitiveSupport.dll
z:\jfbosch\Mutation\Mutation.Ui\Core\SpeechToTextServiceComboItem.cs(7,44): warning CS8618: Non-nullable property 'SpeechToTextServiceSettings' must contain a non-null value when exiting constructor. Consider adding the 'required' modifier or declaring the property as nullable. [z:\jfbosch\Mutation\Mutation.Ui\Mutation.Ui.csproj]
z:\jfbosch\Mutation\Mutation.Ui\Core\SpeechToTextServiceComboItem.cs(8,37): warning CS8618: Non-nullable property 'SpeechToTextService' must contain a non-null value when exiting constructor. Consider adding the 'required' modifier or declaring the property as nullable. [z:\jfbosch\Mutation\Mutation.Ui\Mutation.Ui.csproj]
z:\jfbosch\Mutation\Mutation.Ui\Core\AudioDeviceManager.cs(31,55): warning CS8602: Dereference of a possibly null reference. [z:\jfbosch\Mutation\Mutation.Ui\Mutation.Ui.csproj]
z:\jfbosch\Mutation\Mutation.Ui\Core\SpeechToTextManager.cs(32,40): warning CS8603: Possible null reference return. [z:\jfbosch\Mutation\Mutation.Ui\Mutation.Ui.csproj]
z:\jfbosch\Mutation\Mutation.Ui\Core\TranscriptFormatter.cs(24,11): warning CS8603: Possible null reference return. [z:\jfbosch\Mutation\Mutation.Ui\Mutation.Ui.csproj]
z:\jfbosch\Mutation\Mutation.Ui\Core\AudioDeviceManager.cs(75,35): warning CS0618: 'MMDevice.FriendlyName' is obsolete: 'FriendlyName is deprecated, please use DeviceFriendlyName instead.' [z:\jfbosch\Mutation\Mutation.Ui\Mutation.Ui.csproj]
z:\jfbosch\Mutation\Mutation.Ui\Core\AudioSessionManager.cs(306,36): warning CS8602: Dereference of a possibly null reference. [z:\jfbosch\Mutation\Mutation.Ui\Mutation.Ui.csproj]
z:\jfbosch\Mutation\Mutation.Ui\Services\SettingsManager.cs(175,33): warning CS8602: Dereference of a possibly null reference. [z:\jfbosch\Mutation\Mutation.Ui\Mutation.Ui.csproj]
z:\jfbosch\Mutation\Mutation.Ui\Services\SettingsManager.cs(189,33): warning CS8602: Dereference of a possibly null reference. [z:\jfbosch\Mutation\Mutation.Ui\Mutation.Ui.csproj]
z:\jfbosch\Mutation\Mutation.Ui\Services\SettingsManager.cs(203,31): warning CS8602: Dereference of a possibly null reference. [z:\jfbosch\Mutation\Mutation.Ui\Mutation.Ui.csproj]
z:\jfbosch\Mutation\Mutation.Ui\Services\SettingsManager.cs(217,29): warning CS8602: Dereference of a possibly null reference. [z:\jfbosch\Mutation\Mutation.Ui\Mutation.Ui.csproj]
z:\jfbosch\Mutation\Mutation.Ui\Services\SettingsManager.cs(231,30): warning CS8602: Dereference of a possibly null reference. [z:\jfbosch\Mutation\Mutation.Ui\Mutation.Ui.csproj]
z:\jfbosch\Mutation\Mutation.Ui\Services\SettingsManager.cs(245,32): warning CS8602: Dereference of a possibly null reference. [z:\jfbosch\Mutation\Mutation.Ui\Mutation.Ui.csproj]
z:\jfbosch\Mutation\Mutation.Ui\Services\SettingsManager.cs(587,46): warning CS8602: Dereference of a possibly null reference. [z:\jfbosch\Mutation\Mutation.Ui\Mutation.Ui.csproj]
z:\jfbosch\Mutation\Mutation.Ui\App.xaml.cs(168,98): warning CS8604: Possible null reference argument for parameter 'hotkey' in 'void HotkeyManager.SendHotkeyAfterDelay(string hotkey, int delayMs)'. [z:\jfbosch\Mutation\Mutation.Ui\Mutation.Ui.csproj]
z:\jfbosch\Mutation\Mutation.Ui\App.xaml.cs(185,98): warning CS8604: Possible null reference argument for parameter 'hotkey' in 'void HotkeyManager.SendHotkeyAfterDelay(string hotkey, int delayMs)'. [z:\jfbosch\Mutation\Mutation.Ui\Mutation.Ui.csproj]
z:\jfbosch\Mutation\Mutation.Ui\App.xaml.cs(202,98): warning CS8604: Possible null reference argument for parameter 'hotkey' in 'void HotkeyManager.SendHotkeyAfterDelay(string hotkey, int delayMs)'. [z:\jfbosch\Mutation\Mutation.Ui\Mutation.Ui.csproj]
z:\jfbosch\Mutation\Mutation.Ui\App.xaml.cs(219,98): warning CS8604: Possible null reference argument for parameter 'hotkey' in 'void HotkeyManager.SendHotkeyAfterDelay(string hotkey, int delayMs)'. [z:\jfbosch\Mutation\Mutation.Ui\Mutation.Ui.csproj]
z:\jfbosch\Mutation\Mutation.Ui\Services\OcrManager.cs(520,26): warning CS0219: The variable 'prevState' is assigned but its value is never used [z:\jfbosch\Mutation\Mutation.Ui\Mutation.Ui.csproj]
z:\jfbosch\Mutation\Mutation.Ui\MainWindow.xaml.cs(929,39): warning CS8604: Possible null reference argument for parameter 'hotkey' in 'void HotkeyManager.SendHotkeyAfterDelay(string hotkey, int delayMs)'. [z:\jfbosch\Mutation\Mutation.Ui\Mutation.Ui.csproj]
z:\jfbosch\Mutation\Mutation.Ui\MainWindow.xaml.cs(948,39): warning CS8604: Possible null reference argument for parameter 'hotkey' in 'void HotkeyManager.SendHotkeyAfterDelay(string hotkey, int delayMs)'. [z:\jfbosch\Mutation\Mutation.Ui\Mutation.Ui.csproj]
z:\jfbosch\Mutation\Mutation.Ui\MainWindow.xaml.cs(1265,39): warning CS8604: Possible null reference argument for parameter 'hotkey' in 'void HotkeyManager.SendHotkeyAfterDelay(string hotkey, int delayMs)'. [z:\jfbosch\Mutation\Mutation.Ui\Mutation.Ui.csproj]
z:\jfbosch\Mutation\Mutation.Ui\MainWindow.xaml.cs(1412,52): warning CS8604: Possible null reference argument for parameter 'hotkey' in 'void HotkeyManager.SendHotkeyAfterDelay(string hotkey, int delayMs)'. [z:\jfbosch\Mutation\Mutation.Ui\Mutation.Ui.csproj]
z:\jfbosch\Mutation\Mutation.Ui\Core\AudioDeviceManager.cs(31,55): warning CS8602: Dereference of a possibly null reference. [z:\jfbosch\Mutation\Mutation.Ui\Mutation.Ui.csproj]
z:\jfbosch\Mutation\Mutation.Ui\Core\SpeechToTextManager.cs(32,40): warning CS8603: Possible null reference return. [z:\jfbosch\Mutation\Mutation.Ui\Mutation.Ui.csproj]
z:\jfbosch\Mutation\Mutation.Ui\Core\SpeechToTextServiceComboItem.cs(7,44): warning CS8618: Non-nullable property 'SpeechToTextServiceSettings' must contain a non-null value when exiting constructor. Consider adding the 'required' modifier or declaring the property as nullable. [z:\jfbosch\Mutation\Mutation.Ui\Mutation.Ui.csproj]
z:\jfbosch\Mutation\Mutation.Ui\Core\SpeechToTextServiceComboItem.cs(8,37): warning CS8618: Non-nullable property 'SpeechToTextService' must contain a non-null value when exiting constructor. Consider adding the 'required' modifier or declaring the property as nullable. [z:\jfbosch\Mutation\Mutation.Ui\Mutation.Ui.csproj]
z:\jfbosch\Mutation\Mutation.Ui\Core\TranscriptFormatter.cs(24,11): warning CS8603: Possible null reference return. [z:\jfbosch\Mutation\Mutation.Ui\Mutation.Ui.csproj]
z:\jfbosch\Mutation\Mutation.Ui\Core\AudioDeviceManager.cs(75,35): warning CS0618: 'MMDevice.FriendlyName' is obsolete: 'FriendlyName is deprecated, please use DeviceFriendlyName instead.' [z:\jfbosch\Mutation\Mutation.Ui\Mutation.Ui.csproj]
z:\jfbosch\Mutation\Mutation.Ui\Core\AudioSessionManager.cs(306,36): warning CS8602: Dereference of a possibly null reference. [z:\jfbosch\Mutation\Mutation.Ui\Mutation.Ui.csproj]
z:\jfbosch\Mutation\Mutation.Ui\App.xaml.cs(168,98): warning CS8604: Possible null reference argument for parameter 'hotkey' in 'void HotkeyManager.SendHotkeyAfterDelay(string hotkey, int delayMs)'. [z:\jfbosch\Mutation\Mutation.Ui\Mutation.Ui.csproj]
z:\jfbosch\Mutation\Mutation.Ui\App.xaml.cs(185,98): warning CS8604: Possible null reference argument for parameter 'hotkey' in 'void HotkeyManager.SendHotkeyAfterDelay(string hotkey, int delayMs)'. [z:\jfbosch\Mutation\Mutation.Ui\Mutation.Ui.csproj]
z:\jfbosch\Mutation\Mutation.Ui\App.xaml.cs(202,98): warning CS8604: Possible null reference argument for parameter 'hotkey' in 'void HotkeyManager.SendHotkeyAfterDelay(string hotkey, int delayMs)'. [z:\jfbosch\Mutation\Mutation.Ui\Mutation.Ui.csproj]
z:\jfbosch\Mutation\Mutation.Ui\App.xaml.cs(219,98): warning CS8604: Possible null reference argument for parameter 'hotkey' in 'void HotkeyManager.SendHotkeyAfterDelay(string hotkey, int delayMs)'. [z:\jfbosch\Mutation\Mutation.Ui\Mutation.Ui.csproj]
z:\jfbosch\Mutation\Mutation.Ui\Services\SettingsManager.cs(175,33): warning CS8602: Dereference of a possibly null reference. [z:\jfbosch\Mutation\Mutation.Ui\Mutation.Ui.csproj]
z:\jfbosch\Mutation\Mutation.Ui\Services\SettingsManager.cs(189,33): warning CS8602: Dereference of a possibly null reference. [z:\jfbosch\Mutation\Mutation.Ui\Mutation.Ui.csproj]
z:\jfbosch\Mutation\Mutation.Ui\Services\SettingsManager.cs(203,31): warning CS8602: Dereference of a possibly null reference. [z:\jfbosch\Mutation\Mutation.Ui\Mutation.Ui.csproj]
z:\jfbosch\Mutation\Mutation.Ui\Services\SettingsManager.cs(217,29): warning CS8602: Dereference of a possibly null reference. [z:\jfbosch\Mutation\Mutation.Ui\Mutation.Ui.csproj]
z:\jfbosch\Mutation\Mutation.Ui\Services\SettingsManager.cs(231,30): warning CS8602: Dereference of a possibly null reference. [z:\jfbosch\Mutation\Mutation.Ui\Mutation.Ui.csproj]
z:\jfbosch\Mutation\Mutation.Ui\Services\SettingsManager.cs(245,32): warning CS8602: Dereference of a possibly null reference. [z:\jfbosch\Mutation\Mutation.Ui\Mutation.Ui.csproj]
z:\jfbosch\Mutation\Mutation.Ui\Services\SettingsManager.cs(587,46): warning CS8602: Dereference of a possibly null reference. [z:\jfbosch\Mutation\Mutation.Ui\Mutation.Ui.csproj]
z:\jfbosch\Mutation\Mutation.Ui\Services\OcrManager.cs(520,26): warning CS0219: The variable 'prevState' is assigned but its value is never used [z:\jfbosch\Mutation\Mutation.Ui\Mutation.Ui.csproj]
z:\jfbosch\Mutation\Mutation.Ui\MainWindow.xaml.cs(929,39): warning CS8604: Possible null reference argument for parameter 'hotkey' in 'void HotkeyManager.SendHotkeyAfterDelay(string hotkey, int delayMs)'. [z:\jfbosch\Mutation\Mutation.Ui\Mutation.Ui.csproj]
z:\jfbosch\Mutation\Mutation.Ui\MainWindow.xaml.cs(948,39): warning CS8604: Possible null reference argument for parameter 'hotkey' in 'void HotkeyManager.SendHotkeyAfterDelay(string hotkey, int delayMs)'. [z:\jfbosch\Mutation\Mutation.Ui\Mutation.Ui.csproj]
z:\jfbosch\Mutation\Mutation.Ui\MainWindow.xaml.cs(1265,39): warning CS8604: Possible null reference argument for parameter 'hotkey' in 'void HotkeyManager.SendHotkeyAfterDelay(string hotkey, int delayMs)'. [z:\jfbosch\Mutation\Mutation.Ui\Mutation.Ui.csproj]
z:\jfbosch\Mutation\Mutation.Ui\MainWindow.xaml.cs(1412,52): warning CS8604: Possible null reference argument for parameter 'hotkey' in 'void HotkeyManager.SendHotkeyAfterDelay(string hotkey, int delayMs)'. [z:\jfbosch\Mutation\Mutation.Ui\Mutation.Ui.csproj]
  Mutation.Ui -> z:\jfbosch\Mutation\Mutation.Ui\bin\Debug\net10.0-windows10.0.19041.0\win-x64\Mutation.Ui.dll
z:\jfbosch\Mutation\Mutation.Tests\OcrServiceTests.cs(30,15): warning xUnit1030: Test methods should not call ConfigureAwait(false), as it may bypass parallelization limits. Omit ConfigureAwait, or use ConfigureAwait(true) to avoid CA2007. (https://xunit.net/xunit.analyzers/rules/xUnit1030) [z:\jfbosch\Mutation\Mutation.Tests\Mutation.Tests.csproj]
z:\jfbosch\Mutation\Mutation.Tests\OcrServiceTests.cs(34,16): warning xUnit1030: Test methods should not call ConfigureAwait(false), as it may bypass parallelization limits. Omit ConfigureAwait, or use ConfigureAwait(true) to avoid CA2007. (https://xunit.net/xunit.analyzers/rules/xUnit1030) [z:\jfbosch\Mutation\Mutation.Tests\Mutation.Tests.csproj]
z:\jfbosch\Mutation\Mutation.Tests\OcrServiceTests.cs(50,86): warning xUnit1030: Test methods should not call ConfigureAwait(false), as it may bypass parallelization limits. Omit ConfigureAwait, or use ConfigureAwait(true) to avoid CA2007. (https://xunit.net/xunit.analyzers/rules/xUnit1030) [z:\jfbosch\Mutation\Mutation.Tests\Mutation.Tests.csproj]
z:\jfbosch\Mutation\Mutation.Tests\OcrServiceTests.cs(70,86): warning xUnit1030: Test methods should not call ConfigureAwait(false), as it may bypass parallelization limits. Omit ConfigureAwait, or use ConfigureAwait(true) to avoid CA2007. (https://xunit.net/xunit.analyzers/rules/xUnit1030) [z:\jfbosch\Mutation\Mutation.Tests\Mutation.Tests.csproj]
z:\jfbosch\Mutation\Mutation.Tests\OcrServiceTests.cs(51,85): warning xUnit1030: Test methods should not call ConfigureAwait(false), as it may bypass parallelization limits. Omit ConfigureAwait, or use ConfigureAwait(true) to avoid CA2007. (https://xunit.net/xunit.analyzers/rules/xUnit1030) [z:\jfbosch\Mutation\Mutation.Tests\Mutation.Tests.csproj]
z:\jfbosch\Mutation\Mutation.Tests\OcrServiceTests.cs(54,85): warning xUnit1030: Test methods should not call ConfigureAwait(false), as it may bypass parallelization limits. Omit ConfigureAwait, or use ConfigureAwait(true) to avoid CA2007. (https://xunit.net/xunit.analyzers/rules/xUnit1030) [z:\jfbosch\Mutation\Mutation.Tests\Mutation.Tests.csproj]
z:\jfbosch\Mutation\Mutation.Tests\OcrServiceTests.cs(78,6): warning xUnit1030: Test methods should not call ConfigureAwait(false), as it may bypass parallelization limits. Omit ConfigureAwait, or use ConfigureAwait(true) to avoid CA2007. (https://xunit.net/xunit.analyzers/rules/xUnit1030) [z:\jfbosch\Mutation\Mutation.Tests\Mutation.Tests.csproj]
z:\jfbosch\Mutation\Mutation.Tests\OcrServiceTests.cs(91,86): warning xUnit1030: Test methods should not call ConfigureAwait(false), as it may bypass parallelization limits. Omit ConfigureAwait, or use ConfigureAwait(true) to avoid CA2007. (https://xunit.net/xunit.analyzers/rules/xUnit1030) [z:\jfbosch\Mutation\Mutation.Tests\Mutation.Tests.csproj]
z:\jfbosch\Mutation\Mutation.Tests\OcrServiceTests.cs(92,85): warning xUnit1030: Test methods should not call ConfigureAwait(false), as it may bypass parallelization limits. Omit ConfigureAwait, or use ConfigureAwait(true) to avoid CA2007. (https://xunit.net/xunit.analyzers/rules/xUnit1030) [z:\jfbosch\Mutation\Mutation.Tests\Mutation.Tests.csproj]
z:\jfbosch\Mutation\Mutation.Tests\OcrServiceTests.cs(94,52): warning xUnit1030: Test methods should not call ConfigureAwait(false), as it may bypass parallelization limits. Omit ConfigureAwait, or use ConfigureAwait(true) to avoid CA2007. (https://xunit.net/xunit.analyzers/rules/xUnit1030) [z:\jfbosch\Mutation\Mutation.Tests\Mutation.Tests.csproj]
z:\jfbosch\Mutation\Mutation.Tests\OcrServiceTests.cs(97,85): warning xUnit1030: Test methods should not call ConfigureAwait(false), as it may bypass parallelization limits. Omit ConfigureAwait, or use ConfigureAwait(true) to avoid CA2007. (https://xunit.net/xunit.analyzers/rules/xUnit1030) [z:\jfbosch\Mutation\Mutation.Tests\Mutation.Tests.csproj]
z:\jfbosch\Mutation\Mutation.Tests\OcrServiceTests.cs(118,86): warning xUnit1030: Test methods should not call ConfigureAwait(false), as it may bypass parallelization limits. Omit ConfigureAwait, or use ConfigureAwait(true) to avoid CA2007. (https://xunit.net/xunit.analyzers/rules/xUnit1030) [z:\jfbosch\Mutation\Mutation.Tests\Mutation.Tests.csproj]
z:\jfbosch\Mutation\Mutation.Tests\OcrServiceTests.cs(119,85): warning xUnit1030: Test methods should not call ConfigureAwait(false), as it may bypass parallelization limits. Omit ConfigureAwait, or use ConfigureAwait(true) to avoid CA2007. (https://xunit.net/xunit.analyzers/rules/xUnit1030) [z:\jfbosch\Mutation\Mutation.Tests\Mutation.Tests.csproj]
z:\jfbosch\Mutation\Mutation.Tests\OcrServiceTests.cs(151,87): warning xUnit1030: Test methods should not call ConfigureAwait(false), as it may bypass parallelization limits. Omit ConfigureAwait, or use ConfigureAwait(true) to avoid CA2007. (https://xunit.net/xunit.analyzers/rules/xUnit1030) [z:\jfbosch\Mutation\Mutation.Tests\Mutation.Tests.csproj]
z:\jfbosch\Mutation\Mutation.Tests\OcrServiceTests.cs(190,92): warning xUnit1030: Test methods should not call ConfigureAwait(false), as it may bypass parallelization limits. Omit ConfigureAwait, or use ConfigureAwait(true) to avoid CA2007. (https://xunit.net/xunit.analyzers/rules/xUnit1030) [z:\jfbosch\Mutation\Mutation.Tests\Mutation.Tests.csproj]
z:\jfbosch\Mutation\Mutation.Tests\OcrServiceTests.cs(231,92): warning xUnit1030: Test methods should not call ConfigureAwait(false), as it may bypass parallelization limits. Omit ConfigureAwait, or use ConfigureAwait(true) to avoid CA2007. (https://xunit.net/xunit.analyzers/rules/xUnit1030) [z:\jfbosch\Mutation\Mutation.Tests\Mutation.Tests.csproj]
z:\jfbosch\Mutation\Mutation.Tests\OcrServiceTests.cs(237,53): warning xUnit1030: Test methods should not call ConfigureAwait(false), as it may bypass parallelization limits. Omit ConfigureAwait, or use ConfigureAwait(true) to avoid CA2007. (https://xunit.net/xunit.analyzers/rules/xUnit1030) [z:\jfbosch\Mutation\Mutation.Tests\Mutation.Tests.csproj]
z:\jfbosch\Mutation\Mutation.Tests\OcrServiceTests.cs(245,92): warning xUnit1030: Test methods should not call ConfigureAwait(false), as it may bypass parallelization limits. Omit ConfigureAwait, or use ConfigureAwait(true) to avoid CA2007. (https://xunit.net/xunit.analyzers/rules/xUnit1030) [z:\jfbosch\Mutation\Mutation.Tests\Mutation.Tests.csproj]
z:\jfbosch\Mutation\Mutation.Tests\OcrServiceTests.cs(285,92): warning xUnit1030: Test methods should not call ConfigureAwait(false), as it may bypass parallelization limits. Omit ConfigureAwait, or use ConfigureAwait(true) to avoid CA2007. (https://xunit.net/xunit.analyzers/rules/xUnit1030) [z:\jfbosch\Mutation\Mutation.Tests\Mutation.Tests.csproj]
  Mutation.Tests -> z:\jfbosch\Mutation\Mutation.Tests\bin\Debug\net10.0-windows10.0.19041.0\Mutation.Tests.dll
Test run for z:\jfbosch\Mutation\Mutation.Tests\bin\Debug\net10.0-windows10.0.19041.0\Mutation.Tests.dll (.NETCoreApp,Version=v10.0)
VSTest version 18.0.1 (x64)

Starting test execution, please wait...
A total of 1 test files matched the specified pattern.
  Failed Mutation.Tests.OcrServiceTests.TryParseRetryAfter_PrefersDeltaHeader [1 ms]
  Error Message:
   Assert.NotNull() Failure: Value is null
  Stack Trace:
     at Mutation.Tests.OcrServiceTests.TryParseRetryAfter_PrefersDeltaHeader() in z:\jfbosch\Mutation\Mutation.Tests\OcrServiceTests.cs:line 334
   at System.Reflection.MethodBaseInvoker.InterpretedInvoke_Method(Object obj, IntPtr* args)
   at System.Reflection.MethodBaseInvoker.InvokeWithNoArgs(Object obj, BindingFlags invokeAttr)
  Failed Mutation.Tests.OcrServiceTests.TryParseRetryAfter_ParsesStringSecondsValue [< 1 ms]
  Error Message:
   Assert.NotNull() Failure: Value is null
  Stack Trace:
     at Mutation.Tests.OcrServiceTests.TryParseRetryAfter_ParsesStringSecondsValue() in z:\jfbosch\Mutation\Mutation.Tests\OcrServiceTests.cs:line 320
   at System.Reflection.MethodBaseInvoker.InterpretedInvoke_Method(Object obj, IntPtr* args)
   at System.Reflection.MethodBaseInvoker.InvokeWithNoArgs(Object obj, BindingFlags invokeAttr)
  Failed Mutation.Tests.OcrServiceTests.TryParseRetryAfter_ParsesHttpDateHeader [< 1 ms]
  Error Message:
   Assert.NotNull() Failure: Value is null
  Stack Trace:
     at Mutation.Tests.OcrServiceTests.TryParseRetryAfter_ParsesHttpDateHeader() in z:\jfbosch\Mutation\Mutation.Tests\OcrServiceTests.cs:line 305
   at System.Reflection.MethodBaseInvoker.InterpretedInvoke_Method(Object obj, IntPtr* args)
   at System.Reflection.MethodBaseInvoker.InvokeWithNoArgs(Object obj, BindingFlags invokeAttr)

Failed!  - Failed:     3, Passed:    45, Skipped:     0, Total:    48, Duration: 1 s - Mutation.Tests.dll (net10.0)
